
Traceback (most recent call last):
================================================================================
DOPEGENTS SEARCH PROVIDER HEALTH CHECK
================================================================================
Timestamp: 2026-03-24T02:06:20.917452

Testing 12 free-tier providers...
(Key-gated providers will be tested if env vars are set)


======================================================================
Testing: WIKIPEDIA
======================================================================
  File "C:\Users\gagan\developer\DopeAgents\test_context_providers.py", line 47, in test_provider
    print("\u2713 Status: OK")
  File "C:\Users\gagan\developer\DopeAgents\dopeagents\__init__.py", line 50, in _filtered_print
    _original_print(*args, **kwargs)
  File "C:\Program Files\Python312\Lib\encodings\cp1252.py", line 19, in encode
    return codecs.charmap_encode(input,self.errors,encoding_table)[0]
           ^^^^^^^^^^^^^^^^^^^^^^^^^^^^^^^^^^^^^^^^^^^^^^^^^^^^^^^
UnicodeEncodeError: 'charmap' codec can't encode character '\u2713' in position 0: character maps to <undefined>

During handling of the above exception, another exception occurred:

Traceback (most recent call last):
  File "C:\Users\gagan\developer\DopeAgents\test_context_providers.py", line 193, in <module>
    asyncio.run(main())
  File "C:\Program Files\Python312\Lib\asyncio\runners.py", line 195, in run
    return runner.run(main)
           ^^^^^^^^^^^^^^^^
  File "C:\Program Files\Python312\Lib\asyncio\runners.py", line 118, in run
    return self._loop.run_until_complete(task)
           ^^^^^^^^^^^^^^^^^^^^^^^^^^^^^^^^^^^
  File "C:\Program Files\Python312\Lib\asyncio\base_events.py", line 691, in run_until_complete
    return future.result()
           ^^^^^^^^^^^^^^^
  File "C:\Users\gagan\developer\DopeAgents\test_context_providers.py", line 134, in main
    result = await test_provider(provider)
             ^^^^^^^^^^^^^^^^^^^^^^^^^^^^^
  File "C:\Users\gagan\developer\DopeAgents\test_context_providers.py", line 70, in test_provider
    print("\u2717 Status: FAILED")
  File "C:\Users\gagan\developer\DopeAgents\dopeagents\__init__.py", line 50, in _filtered_print
    _original_print(*args, **kwargs)
  File "C:\Program Files\Python312\Lib\encodings\cp1252.py", line 19, in encode
    return codecs.charmap_encode(input,self.errors,encoding_table)[0]
           ^^^^^^^^^^^^^^^^^^^^^^^^^^^^^^^^^^^^^^^^^^^^^^^^^^^^^^^
UnicodeEncodeError: 'charmap' codec can't encode character '\u2717' in position 0: character maps to <undefined>
